[run_batch] total cores: 64 | cores/microstructure: 16 | parallel workers: 4 | microstructures: 25
[OK]   Coarse_microstructure_2
[OK]   Coarse_microstructure_1
[OK]   Coarse_microstructure_0
[OK]   Coarse_microstructure_7
[OK]   Coarse_microstructure_9
[OK]   Fine_microstructure_3
[OK]   Fine_microstructure_0
[OK]   Fine_microstructure_1
[OK]   Fine_microstructure_2
[OK]   Fine_microstructure_4
[OK]   Fine_microstructure_5
[OK]   Fine_microstructure_6
[OK]   Fine_microstructure_7
[OK]   Fine_microstructure_8
[OK]   Fine_microstructure_9
[OK]   Medium_microstructure_0
[OK]   Medium_microstructure_1
[OK]   Medium_microstructure_2
[OK]   Medium_microstructure_3
[OK]   Medium_microstructure_4
[OK]   Medium_microstructure_5
[OK]   Medium_microstructure_6
[OK]   Medium_microstructure_7
[OK]   Medium_microstructure_8
[OK]   Medium_microstructure_9
[run_batch] done in 283.1s | ok=25 fail=0
